../Core/Src/main.c:72:1:__io_putchar	16	static
../Core/Src/main.c:88:5:main	8	static
../Core/Src/main.c:160:6:SystemClock_Config	96	static
../Core/Src/main.c:210:13:MX_ADC1_Init	32	static
../Core/Src/main.c:269:13:MX_USART2_UART_Init	8	static
../Core/Src/main.c:302:13:MX_DMA_Init	16	static
../Core/Src/main.c:320:13:MX_GPIO_Init	48	static
../Core/Src/main.c:369:6:HAL_ADC_ConvHalfCpltCallback	16	static
../Core/Src/main.c:373:6:HAL_ADC_ConvCpltCallback	16	static
../Core/Src/main.c:382:6:Error_Handler	4	static,ignoring_inline_asm
