../Core/Src/main.c:69:1:__io_putchar	16	static
../Core/Src/main.c:85:5:main	24	static
../Core/Src/main.c:153:6:SystemClock_Config	96	static
../Core/Src/main.c:203:13:MX_ADC1_Init	32	static
../Core/Src/main.c:262:13:MX_USART2_UART_Init	8	static
../Core/Src/main.c:295:13:MX_DMA_Init	16	static
../Core/Src/main.c:313:13:MX_GPIO_Init	48	static
../Core/Src/main.c:362:6:HAL_ADC_ConvHalfCpltCallback	16	static
../Core/Src/main.c:366:6:HAL_ADC_ConvCpltCallback	16	static
../Core/Src/main.c:375:6:Error_Handler	4	static,ignoring_inline_asm
